{
"nodes" : [
  {
  "index" : 0,
  "N" : 11,
  "Q" : [0.285672, 0.714328],
  "state" : "[4, 0]",
  "provably_winning" : "01",
  "provably_losing" : "10",
  "active_seat" : 0
  },
  {
  "index" : 1,
  "N" : 4,
  "Q" : [0.220199, 0.779801],
  "state" : "[3, 1]",
  "provably_winning" : "01",
  "provably_losing" : "10",
  "active_seat" : 1
  },
  {
  "index" : 2,
  "N" : 3,
  "Q" : [0, 1],
  "state" : "[0, 0]",
  "provably_winning" : "01",
  "provably_losing" : "10",
  "active_seat" : -1
  },
  {
  "index" : 3,
  "N" : 3,
  "Q" : [0.293599, 0.706401],
  "state" : "[2, 1]",
  "provably_winning" : "01",
  "provably_losing" : "10",
  "active_seat" : 1
  },
  {
  "index" : 4,
  "N" : 3,
  "Q" : [0.293599, 0.706401],
  "state" : "[1, 1]",
  "provably_winning" : "01",
  "provably_losing" : "10",
  "active_seat" : 1
  }
],
"edges" : [
  {
  "index" : 0,
  "from" : 0,
  "to" : 1,
  "E" : 4,
  "action" : 0
  },
  {
  "index" : 1,
  "from" : 0,
  "to" : 3,
  "E" : 3,
  "action" : 1
  },
  {
  "index" : 2,
  "from" : 0,
  "to" : 4,
  "E" : 3,
  "action" : 2
  },
  {
  "index" : 5,
  "from" : 1,
  "to" : 2,
  "E" : 3,
  "action" : 2
  },
  {
  "index" : 7,
  "from" : 3,
  "to" : 2,
  "E" : 2,
  "action" : 1
  },
  {
  "index" : 8,
  "from" : 4,
  "to" : 2,
  "E" : 2,
  "action" : 0
  }
]
}