{
"nodes" : [
  {
  "index" : 0,
  "N" : 41,
  "Q" : [0.788618, 0.211382],
  "state" : "[5, 0]",
  "provably_winning" : "10",
  "provably_losing" : "01",
  "active_seat" : 0
  },
  {
  "index" : 1,
  "N" : 33,
  "Q" : [0.888889, 0.111111],
  "state" : "[4, 1]",
  "provably_winning" : "10",
  "provably_losing" : "01",
  "active_seat" : 1
  },
  {
  "index" : 2,
  "N" : 4,
  "Q" : [0.375, 0.625],
  "state" : "[3, 1]",
  "provably_winning" : "01",
  "provably_losing" : "10",
  "active_seat" : 1
  },
  {
  "index" : 3,
  "N" : 3,
  "Q" : [0.333333, 0.666667],
  "state" : "[2, 1]",
  "provably_winning" : "01",
  "provably_losing" : "10",
  "active_seat" : 1
  },
  {
  "index" : 4,
  "N" : 14,
  "Q" : [0.880952, 0.119048],
  "state" : "[3, 0]",
  "provably_winning" : "10",
  "provably_losing" : "01",
  "active_seat" : 0
  },
  {
  "index" : 5,
  "N" : 10,
  "Q" : [0.9, 0.1],
  "state" : "[2, 0]",
  "provably_winning" : "10",
  "provably_losing" : "01",
  "active_seat" : 0
  },
  {
  "index" : 6,
  "N" : 8,
  "Q" : [0.9375, 0.0625],
  "state" : "[1, 0]",
  "provably_winning" : "10",
  "provably_losing" : "01",
  "active_seat" : 0
  },
  {
  "index" : 7,
  "N" : 1,
  "Q" : [0, 1],
  "state" : "[0, 0]",
  "provably_winning" : "01",
  "provably_losing" : "10",
  "active_seat" : -1
  },
  {
  "index" : 8,
  "N" : 1,
  "Q" : [0.5, 0.5],
  "state" : "[1, 1]",
  "provably_winning" : "00",
  "provably_losing" : "00",
  "active_seat" : 1
  },
  {
  "index" : 9,
  "N" : 11,
  "Q" : [1, 0],
  "state" : "[0, 1]",
  "provably_winning" : "10",
  "provably_losing" : "01",
  "active_seat" : -1
  }
],
"edges" : [
  {
  "index" : 0,
  "from" : 0,
  "to" : 1,
  "E" : 33,
  "action" : 0
  },
  {
  "index" : 1,
  "from" : 0,
  "to" : 2,
  "E" : 4,
  "action" : 1
  },
  {
  "index" : 2,
  "from" : 0,
  "to" : 3,
  "E" : 3,
  "action" : 2
  },
  {
  "index" : 3,
  "from" : 1,
  "to" : 4,
  "E" : 14,
  "action" : 0
  },
  {
  "index" : 4,
  "from" : 1,
  "to" : 5,
  "E" : 10,
  "action" : 1
  },
  {
  "index" : 5,
  "from" : 1,
  "to" : 6,
  "E" : 8,
  "action" : 2
  },
  {
  "index" : 6,
  "from" : 2,
  "to" : 5,
  "E" : 1,
  "action" : 0
  },
  {
  "index" : 7,
  "from" : 2,
  "to" : 6,
  "E" : 1,
  "action" : 1
  },
  {
  "index" : 8,
  "from" : 2,
  "to" : 7,
  "E" : 1,
  "action" : 2
  },
  {
  "index" : 9,
  "from" : 3,
  "to" : 6,
  "E" : 1,
  "action" : 0
  },
  {
  "index" : 10,
  "from" : 3,
  "to" : 7,
  "E" : 1,
  "action" : 1
  },
  {
  "index" : 11,
  "from" : 4,
  "to" : 3,
  "E" : 1,
  "action" : 0
  },
  {
  "index" : 12,
  "from" : 4,
  "to" : 8,
  "E" : 1,
  "action" : 1
  },
  {
  "index" : 13,
  "from" : 4,
  "to" : 9,
  "E" : 11,
  "action" : 2
  },
  {
  "index" : 14,
  "from" : 5,
  "to" : 8,
  "E" : 1,
  "action" : 0
  },
  {
  "index" : 15,
  "from" : 5,
  "to" : 9,
  "E" : 8,
  "action" : 1
  },
  {
  "index" : 16,
  "from" : 6,
  "to" : 9,
  "E" : 7,
  "action" : 0
  }
]
}