{
"nodes" : [
  {
  "index" : 0,
  "N" : 11,
  "Q" : [0.238109, 0.761891],
  "state" : "[4, 0]",
  "provably_winning" : "01",
  "provably_losing" : "10",
  "active_seat" : 0
  },
  {
  "index" : 1,
  "N" : 4,
  "Q" : [0.25, 0.75],
  "state" : "[3, 1]",
  "provably_winning" : "01",
  "provably_losing" : "10",
  "active_seat" : 1
  },
  {
  "index" : 2,
  "N" : 4,
  "Q" : [0.25, 0.75],
  "state" : "[2, 1]",
  "provably_winning" : "01",
  "provably_losing" : "10",
  "active_seat" : 1
  },
  {
  "index" : 3,
  "N" : 2,
  "Q" : [0.0596015, 0.940399],
  "state" : "[1, 1]",
  "provably_winning" : "01",
  "provably_losing" : "10",
  "active_seat" : 1
  },
  {
  "index" : 4,
  "N" : 1,
  "Q" : [0.880797, 0.119203],
  "state" : "[1, 0]",
  "provably_winning" : "00",
  "provably_losing" : "00",
  "active_seat" : 0
  },
  {
  "index" : 5,
  "N" : 2,
  "Q" : [0, 1],
  "state" : "[0, 0]",
  "provably_winning" : "01",
  "provably_losing" : "10",
  "active_seat" : -1
  }
],
"edges" : [
  {
  "index" : 0,
  "from" : 0,
  "to" : 1,
  "E" : 4,
  "action" : 0
  },
  {
  "index" : 1,
  "from" : 0,
  "to" : 2,
  "E" : 4,
  "action" : 1
  },
  {
  "index" : 2,
  "from" : 0,
  "to" : 3,
  "E" : 2,
  "action" : 2
  },
  {
  "index" : 4,
  "from" : 1,
  "to" : 4,
  "E" : 1,
  "action" : 1
  },
  {
  "index" : 5,
  "from" : 1,
  "to" : 5,
  "E" : 2,
  "action" : 2
  },
  {
  "index" : 6,
  "from" : 2,
  "to" : 4,
  "E" : 1,
  "action" : 0
  },
  {
  "index" : 7,
  "from" : 2,
  "to" : 5,
  "E" : 2,
  "action" : 1
  },
  {
  "index" : 8,
  "from" : 3,
  "to" : 5,
  "E" : 1,
  "action" : 0
  }
]
}