{
"nodes" : [
  {
  "index" : 0,
  "N" : 41,
  "Q" : [0.0853659, 0.914634],
  "state" : "[4, 0]",
  "provably_winning" : "01",
  "provably_losing" : "10",
  "active_seat" : 0
  },
  {
  "index" : 1,
  "N" : 17,
  "Q" : [0.0882353, 0.911765],
  "state" : "[3, 1]",
  "provably_winning" : "01",
  "provably_losing" : "10",
  "active_seat" : 1
  },
  {
  "index" : 2,
  "N" : 13,
  "Q" : [0.0769231, 0.923077],
  "state" : "[2, 1]",
  "provably_winning" : "01",
  "provably_losing" : "10",
  "active_seat" : 1
  },
  {
  "index" : 3,
  "N" : 10,
  "Q" : [0.05, 0.95],
  "state" : "[1, 1]",
  "provably_winning" : "01",
  "provably_losing" : "10",
  "active_seat" : 1
  },
  {
  "index" : 4,
  "N" : 1,
  "Q" : [0.5, 0.5],
  "state" : "[2, 0]",
  "provably_winning" : "00",
  "provably_losing" : "00",
  "active_seat" : 0
  },
  {
  "index" : 5,
  "N" : 1,
  "Q" : [0.5, 0.5],
  "state" : "[1, 0]",
  "provably_winning" : "00",
  "provably_losing" : "00",
  "active_seat" : 0
  },
  {
  "index" : 6,
  "N" : 14,
  "Q" : [0, 1],
  "state" : "[0, 0]",
  "provably_winning" : "01",
  "provably_losing" : "10",
  "active_seat" : -1
  }
],
"edges" : [
  {
  "index" : 0,
  "from" : 0,
  "to" : 1,
  "E" : 17,
  "action" : 0
  },
  {
  "index" : 1,
  "from" : 0,
  "to" : 2,
  "E" : 13,
  "action" : 1
  },
  {
  "index" : 2,
  "from" : 0,
  "to" : 3,
  "E" : 10,
  "action" : 2
  },
  {
  "index" : 3,
  "from" : 1,
  "to" : 4,
  "E" : 1,
  "action" : 0
  },
  {
  "index" : 4,
  "from" : 1,
  "to" : 5,
  "E" : 1,
  "action" : 1
  },
  {
  "index" : 5,
  "from" : 1,
  "to" : 6,
  "E" : 14,
  "action" : 2
  },
  {
  "index" : 6,
  "from" : 2,
  "to" : 5,
  "E" : 1,
  "action" : 0
  },
  {
  "index" : 7,
  "from" : 2,
  "to" : 6,
  "E" : 11,
  "action" : 1
  },
  {
  "index" : 8,
  "from" : 3,
  "to" : 6,
  "E" : 9,
  "action" : 0
  }
]
}