{
"nodes" : [
  {
  "index" : 0,
  "N" : 101,
  "Q" : [0.479047, 0.520953],
  "state" : "p0@5",
  "provably_winning" : "00",
  "provably_losing" : "00",
  "active_seat" : 0
  },
  {
  "index" : 1,
  "N" : 9,
  "Q" : [0.333333, 0.666667],
  "state" : "p0*@4",
  "provably_winning" : "00",
  "provably_losing" : "00",
  "active_seat" : 0
  },
  {
  "index" : 2,
  "N" : 8,
  "Q" : [0.2125, 0.7875],
  "state" : "p0*@3",
  "provably_winning" : "00",
  "provably_losing" : "00",
  "active_seat" : 0
  },
  {
  "index" : 3,
  "N" : 83,
  "Q" : [0.520286, 0.479714],
  "state" : "p0*@2",
  "provably_winning" : "00",
  "provably_losing" : "00",
  "active_seat" : 0
  },
  {
  "index" : 4,
  "N" : 14,
  "Q" : [0.0714286, 0.928571],
  "state" : "p1@2",
  "provably_winning" : "01",
  "provably_losing" : "10",
  "active_seat" : 1
  },
  {
  "index" : 5,
  "N" : 25,
  "Q" : [0.02, 0.98],
  "state" : "p1@1",
  "provably_winning" : "01",
  "provably_losing" : "10",
  "active_seat" : 1
  },
  {
  "index" : 6,
  "N" : 1,
  "Q" : [0.5, 0.5],
  "state" : "p1*@1",
  "provably_winning" : "00",
  "provably_losing" : "00",
  "active_seat" : 1
  },
  {
  "index" : 7,
  "N" : 24,
  "Q" : [0, 1],
  "state" : "p1*@0",
  "provably_winning" : "01",
  "provably_losing" : "10",
  "active_seat" : -1
  },
  {
  "index" : 8,
  "N" : 43,
  "Q" : [1, 0],
  "state" : "p1@0",
  "provably_winning" : "10",
  "provably_losing" : "01",
  "active_seat" : -1
  },
  {
  "index" : 9,
  "N" : 1,
  "Q" : [0.5, 0.5],
  "state" : "p1@3",
  "provably_winning" : "00",
  "provably_losing" : "00",
  "active_seat" : 1
  },
  {
  "index" : 10,
  "N" : 1,
  "Q" : [0.5, 0.5],
  "state" : "p1@4",
  "provably_winning" : "00",
  "provably_losing" : "00",
  "active_seat" : 1
  }
],
"edges" : [
  {
  "index" : 0,
  "from" : 0,
  "to" : 1,
  "E" : 9,
  "action" : 0
  },
  {
  "index" : 1,
  "from" : 0,
  "to" : 2,
  "E" : 8,
  "action" : 1
  },
  {
  "index" : 2,
  "from" : 0,
  "to" : 3,
  "E" : 83,
  "action" : 2
  },
  {
  "index" : 3,
  "from" : 1,
  "to" : 10,
  "E" : 1,
  "action" : 0
  },
  {
  "index" : 4,
  "from" : 1,
  "to" : 9,
  "E" : 1,
  "action" : 1
  },
  {
  "index" : 5,
  "from" : 1,
  "to" : 4,
  "E" : 6,
  "action" : 2
  },
  {
  "index" : 6,
  "from" : 2,
  "to" : 9,
  "E" : 1,
  "action" : 0
  },
  {
  "index" : 7,
  "from" : 2,
  "to" : 4,
  "E" : 3,
  "action" : 1
  },
  {
  "index" : 8,
  "from" : 2,
  "to" : 5,
  "E" : 3,
  "action" : 2
  },
  {
  "index" : 9,
  "from" : 3,
  "to" : 4,
  "E" : 14,
  "action" : 0
  },
  {
  "index" : 10,
  "from" : 3,
  "to" : 5,
  "E" : 25,
  "action" : 1
  },
  {
  "index" : 11,
  "from" : 3,
  "to" : 8,
  "E" : 43,
  "action" : 2
  },
  {
  "index" : 12,
  "from" : 4,
  "to" : 6,
  "E" : 1,
  "action" : 0
  },
  {
  "index" : 13,
  "from" : 4,
  "to" : 7,
  "E" : 12,
  "action" : 1
  },
  {
  "index" : 14,
  "from" : 5,
  "to" : 7,
  "E" : 24,
  "action" : 0
  }
]
}