{
"nodes" : [
  {
  "index" : 0,
  "N" : 41,
  "Q" : [0.271609, 0.728391],
  "state" : "[5, 0, 1]"
  },
  {
  "index" : 1,
  "N" : 23,
  "Q" : [0.3125, 0.6875],
  "state" : "[4, 1, 0]"
  },
  {
  "index" : 2,
  "N" : 10,
  "Q" : [0.193182, 0.806818],
  "state" : "[3, 1, 0]"
  },
  {
  "index" : 3,
  "N" : 7,
  "Q" : [0.216667, 0.783333],
  "state" : "[2, 1, 0]"
  },
  {
  "index" : 4,
  "N" : 10,
  "Q" : [0.5, 0.5],
  "state" : "[4, 1, 1]"
  },
  {
  "index" : 5,
  "N" : 12,
  "Q" : [0.125, 0.875],
  "state" : "[3, 1, 1]"
  },
  {
  "index" : 6,
  "N" : 5,
  "Q" : [0.1, 0.9],
  "state" : "[1, 1, 1]"
  },
  {
  "index" : 7,
  "N" : 3,
  "Q" : [0.5, 0.5],
  "state" : "[3, 0, 0]"
  },
  {
  "index" : 8,
  "N" : 3,
  "Q" : [0.5, 0.5],
  "state" : "[2, 0, 0]"
  },
  {
  "index" : 9,
  "N" : 9,
  "Q" : [0, 1],
  "state" : "[0, 0, 0]"
  },
  {
  "index" : 10,
  "N" : 4,
  "Q" : [0.25, 0.75],
  "state" : "[2, 1, 1]"
  },
  {
  "index" : 11,
  "N" : 3,
  "Q" : [0.5, 0.5],
  "state" : "[1, 0, 0]"
  },
  {
  "index" : 12,
  "N" : 2,
  "Q" : [0.364583, 0.635417],
  "state" : "[3, 0, 1]"
  },
  {
  "index" : 13,
  "N" : 1,
  "Q" : [0.5, 0.5],
  "state" : "[2, 0, 1]"
  },
  {
  "index" : 14,
  "N" : 2,
  "Q" : [0, 1],
  "state" : "[0, 0, 1]"
  },
  {
  "index" : 15,
  "N" : 1,
  "Q" : [0.5, 0.5],
  "state" : "[1, 0, 1]"
  }
],
"edges" : [
  {
  "index" : 0,
  "from" : 0,
  "to" : 1,
  "E" : 23,
  "action" : 0
  },
  {
  "index" : 1,
  "from" : 0,
  "to" : 2,
  "E" : 10,
  "action" : 1
  },
  {
  "index" : 2,
  "from" : 0,
  "to" : 3,
  "E" : 7,
  "action" : 2
  },
  {
  "index" : 3,
  "from" : 1,
  "to" : 4,
  "E" : 10,
  "action" : 0
  },
  {
  "index" : 4,
  "from" : 1,
  "to" : 5,
  "E" : 12,
  "action" : 1
  },
  {
  "index" : 5,
  "from" : 2,
  "to" : 5,
  "E" : 5,
  "action" : 0
  },
  {
  "index" : 6,
  "from" : 2,
  "to" : 10,
  "E" : 4,
  "action" : 1
  },
  {
  "index" : 7,
  "from" : 3,
  "to" : 10,
  "E" : 1,
  "action" : 0
  },
  {
  "index" : 8,
  "from" : 3,
  "to" : 6,
  "E" : 5,
  "action" : 1
  },
  {
  "index" : 9,
  "from" : 4,
  "to" : 7,
  "E" : 3,
  "action" : 0
  },
  {
  "index" : 10,
  "from" : 4,
  "to" : 8,
  "E" : 3,
  "action" : 1
  },
  {
  "index" : 11,
  "from" : 4,
  "to" : 11,
  "E" : 3,
  "action" : 2
  },
  {
  "index" : 12,
  "from" : 5,
  "to" : 8,
  "E" : 1,
  "action" : 0
  },
  {
  "index" : 13,
  "from" : 5,
  "to" : 11,
  "E" : 1,
  "action" : 1
  },
  {
  "index" : 14,
  "from" : 5,
  "to" : 9,
  "E" : 9,
  "action" : 2
  },
  {
  "index" : 15,
  "from" : 6,
  "to" : 9,
  "E" : 4,
  "action" : 0
  },
  {
  "index" : 16,
  "from" : 7,
  "to" : 12,
  "E" : 2,
  "action" : 0
  },
  {
  "index" : 18,
  "from" : 8,
  "to" : 13,
  "E" : 1,
  "action" : 0
  },
  {
  "index" : 19,
  "from" : 8,
  "to" : 15,
  "E" : 1,
  "action" : 1
  },
  {
  "index" : 20,
  "from" : 10,
  "to" : 11,
  "E" : 1,
  "action" : 0
  },
  {
  "index" : 21,
  "from" : 10,
  "to" : 9,
  "E" : 2,
  "action" : 1
  },
  {
  "index" : 23,
  "from" : 11,
  "to" : 14,
  "E" : 2,
  "action" : 1
  },
  {
  "index" : 24,
  "from" : 12,
  "to" : 3,
  "E" : 1,
  "action" : 0
  }
]
}