{
"nodes" : [
  {
  "index" : 0,
  "N" : 11,
  "Q" : [0.318182, 0.681818],
  "state" : "[4, 0]"
  },
  {
  "index" : 1,
  "N" : 5,
  "Q" : [0.3, 0.7],
  "state" : "[3, 1]"
  },
  {
  "index" : 2,
  "N" : 3,
  "Q" : [0.333333, 0.666667],
  "state" : "[2, 1]"
  },
  {
  "index" : 3,
  "N" : 2,
  "Q" : [0.25, 0.75],
  "state" : "[1, 1]"
  },
  {
  "index" : 4,
  "N" : 1,
  "Q" : [0.5, 0.5],
  "state" : "[2, 0]"
  },
  {
  "index" : 5,
  "N" : 1,
  "Q" : [0.5, 0.5],
  "state" : "[1, 0]"
  },
  {
  "index" : 6,
  "N" : 2,
  "Q" : [0, 1],
  "state" : "[0, 0]"
  }
],
"edges" : [
  {
  "index" : 0,
  "from" : 0,
  "to" : 1,
  "E" : 5,
  "action" : 0
  },
  {
  "index" : 1,
  "from" : 0,
  "to" : 2,
  "E" : 3,
  "action" : 1
  },
  {
  "index" : 2,
  "from" : 0,
  "to" : 3,
  "E" : 2,
  "action" : 2
  },
  {
  "index" : 3,
  "from" : 1,
  "to" : 4,
  "E" : 1,
  "action" : 0
  },
  {
  "index" : 4,
  "from" : 1,
  "to" : 5,
  "E" : 1,
  "action" : 1
  },
  {
  "index" : 5,
  "from" : 1,
  "to" : 6,
  "E" : 2,
  "action" : 2
  },
  {
  "index" : 6,
  "from" : 2,
  "to" : 5,
  "E" : 1,
  "action" : 0
  },
  {
  "index" : 7,
  "from" : 2,
  "to" : 6,
  "E" : 1,
  "action" : 1
  },
  {
  "index" : 8,
  "from" : 3,
  "to" : 6,
  "E" : 1,
  "action" : 0
  }
]
}