{
"nodes" : [
  {
  "index" : 0,
  "N" : 21,
  "Q" : [0.5, 0.5],
  "state" : "[21, 0]"
  },
  {
  "index" : 1,
  "N" : 7,
  "Q" : [0.5, 0.5],
  "state" : "[20, 1]"
  },
  {
  "index" : 2,
  "N" : 7,
  "Q" : [0.5, 0.5],
  "state" : "[19, 1]"
  },
  {
  "index" : 3,
  "N" : 6,
  "Q" : [0.5, 0.5],
  "state" : "[18, 1]"
  },
  {
  "index" : 4,
  "N" : 2,
  "Q" : [0.5, 0.5],
  "state" : "[19, 0]"
  },
  {
  "index" : 5,
  "N" : 2,
  "Q" : [0.5, 0.5],
  "state" : "[18, 0]"
  },
  {
  "index" : 6,
  "N" : 2,
  "Q" : [0.5, 0.5],
  "state" : "[17, 0]"
  },
  {
  "index" : 7,
  "N" : 2,
  "Q" : [0.5, 0.5],
  "state" : "[16, 0]"
  },
  {
  "index" : 8,
  "N" : 1,
  "Q" : [0.5, 0.5],
  "state" : "[15, 0]"
  },
  {
  "index" : 9,
  "N" : 1,
  "Q" : [0.5, 0.5],
  "state" : "[17, 1]"
  },
  {
  "index" : 10,
  "N" : 1,
  "Q" : [0.5, 0.5],
  "state" : "[16, 1]"
  },
  {
  "index" : 11,
  "N" : 1,
  "Q" : [0.5, 0.5],
  "state" : "[15, 1]"
  }
],
"edges" : [
  {
  "index" : 0,
  "from" : 0,
  "to" : 1,
  "E" : 7,
  "action" : 0
  },
  {
  "index" : 1,
  "from" : 0,
  "to" : 2,
  "E" : 7,
  "action" : 1
  },
  {
  "index" : 2,
  "from" : 0,
  "to" : 3,
  "E" : 6,
  "action" : 2
  },
  {
  "index" : 3,
  "from" : 1,
  "to" : 4,
  "E" : 2,
  "action" : 0
  },
  {
  "index" : 4,
  "from" : 1,
  "to" : 5,
  "E" : 2,
  "action" : 1
  },
  {
  "index" : 5,
  "from" : 1,
  "to" : 6,
  "E" : 2,
  "action" : 2
  },
  {
  "index" : 6,
  "from" : 2,
  "to" : 5,
  "E" : 2,
  "action" : 0
  },
  {
  "index" : 7,
  "from" : 2,
  "to" : 6,
  "E" : 2,
  "action" : 1
  },
  {
  "index" : 8,
  "from" : 2,
  "to" : 7,
  "E" : 2,
  "action" : 2
  },
  {
  "index" : 9,
  "from" : 3,
  "to" : 6,
  "E" : 2,
  "action" : 0
  },
  {
  "index" : 10,
  "from" : 3,
  "to" : 7,
  "E" : 2,
  "action" : 1
  },
  {
  "index" : 11,
  "from" : 3,
  "to" : 8,
  "E" : 1,
  "action" : 2
  },
  {
  "index" : 12,
  "from" : 4,
  "to" : 3,
  "E" : 1,
  "action" : 0
  },
  {
  "index" : 15,
  "from" : 5,
  "to" : 9,
  "E" : 1,
  "action" : 0
  },
  {
  "index" : 18,
  "from" : 6,
  "to" : 10,
  "E" : 1,
  "action" : 0
  },
  {
  "index" : 21,
  "from" : 7,
  "to" : 11,
  "E" : 1,
  "action" : 0
  }
]
}