{
"graphs" : [
  {
  "nodes" : [
    {
    "index" : 0,
    "N" : 2,
    "Q" : [0.309601, 0.690399],
    "state" : "[4, 0]"
    },
    {
    "index" : 1,
    "N" : 1,
    "Q" : [0.119203, 0.880797],
    "state" : "[3, 1]"
    }
  ],
  "edges" : [
    {
    "index" : 0,
    "from" : 0,
    "to" : 1,
    "E" : 1,
    "action" : 0
    }
  ]
  },
  {
  "nodes" : [
    {
    "index" : 0,
    "N" : 3,
    "Q" : [0.246135, 0.753865],
    "state" : "[4, 0]"
    },
    {
    "index" : 1,
    "N" : 1,
    "Q" : [0.119203, 0.880797],
    "state" : "[3, 1]"
    },
    {
    "index" : 2,
    "N" : 1,
    "Q" : [0.119203, 0.880797],
    "state" : "[2, 1]"
    }
  ],
  "edges" : [
    {
    "index" : 0,
    "from" : 0,
    "to" : 1,
    "E" : 1,
    "action" : 0
    },
    {
    "index" : 1,
    "from" : 0,
    "to" : 2,
    "E" : 1,
    "action" : 1
    }
  ]
  },
  {
  "nodes" : [
    {
    "index" : 0,
    "N" : 4,
    "Q" : [0.214402, 0.785598],
    "state" : "[4, 0]"
    },
    {
    "index" : 1,
    "N" : 1,
    "Q" : [0.119203, 0.880797],
    "state" : "[3, 1]"
    },
    {
    "index" : 2,
    "N" : 1,
    "Q" : [0.119203, 0.880797],
    "state" : "[2, 1]"
    },
    {
    "index" : 3,
    "N" : 1,
    "Q" : [0.119203, 0.880797],
    "state" : "[1, 1]"
    }
  ],
  "edges" : [
    {
    "index" : 0,
    "from" : 0,
    "to" : 1,
    "E" : 1,
    "action" : 0
    },
    {
    "index" : 1,
    "from" : 0,
    "to" : 2,
    "E" : 1,
    "action" : 1
    },
    {
    "index" : 2,
    "from" : 0,
    "to" : 3,
    "E" : 1,
    "action" : 2
    }
  ]
  },
  {
  "nodes" : [
    {
    "index" : 0,
    "N" : 5,
    "Q" : [0.171522, 0.828478],
    "state" : "[4, 0]"
    },
    {
    "index" : 1,
    "N" : 2,
    "Q" : [0.0596015, 0.940399],
    "state" : "[3, 1]"
    },
    {
    "index" : 2,
    "N" : 1,
    "Q" : [0.119203, 0.880797],
    "state" : "[2, 1]"
    },
    {
    "index" : 3,
    "N" : 1,
    "Q" : [0.119203, 0.880797],
    "state" : "[1, 1]"
    },
    {
    "index" : 4,
    "N" : 1,
    "Q" : [0, 1],
    "state" : "[0, 0]"
    }
  ],
  "edges" : [
    {
    "index" : 0,
    "from" : 0,
    "to" : 1,
    "E" : 2,
    "action" : 0
    },
    {
    "index" : 1,
    "from" : 0,
    "to" : 2,
    "E" : 1,
    "action" : 1
    },
    {
    "index" : 2,
    "from" : 0,
    "to" : 3,
    "E" : 1,
    "action" : 2
    },
    {
    "index" : 5,
    "from" : 1,
    "to" : 4,
    "E" : 1,
    "action" : 2
    }
  ]
  },
  {
  "nodes" : [
    {
    "index" : 0,
    "N" : 6,
    "Q" : [0.142935, 0.857065],
    "state" : "[4, 0]"
    },
    {
    "index" : 1,
    "N" : 2,
    "Q" : [0.0596015, 0.940399],
    "state" : "[3, 1]"
    },
    {
    "index" : 2,
    "N" : 2,
    "Q" : [0.0596015, 0.940399],
    "state" : "[2, 1]"
    },
    {
    "index" : 3,
    "N" : 1,
    "Q" : [0.119203, 0.880797],
    "state" : "[1, 1]"
    },
    {
    "index" : 4,
    "N" : 1,
    "Q" : [0, 1],
    "state" : "[0, 0]"
    }
  ],
  "edges" : [
    {
    "index" : 0,
    "from" : 0,
    "to" : 1,
    "E" : 2,
    "action" : 0
    },
    {
    "index" : 1,
    "from" : 0,
    "to" : 2,
    "E" : 2,
    "action" : 1
    },
    {
    "index" : 2,
    "from" : 0,
    "to" : 3,
    "E" : 1,
    "action" : 2
    },
    {
    "index" : 5,
    "from" : 1,
    "to" : 4,
    "E" : 1,
    "action" : 2
    },
    {
    "index" : 7,
    "from" : 2,
    "to" : 4,
    "E" : 1,
    "action" : 1
    }
  ]
  },
  {
  "nodes" : [
    {
    "index" : 0,
    "N" : 7,
    "Q" : [0.122516, 0.877484],
    "state" : "[4, 0]"
    },
    {
    "index" : 1,
    "N" : 2,
    "Q" : [0.0596015, 0.940399],
    "state" : "[3, 1]"
    },
    {
    "index" : 2,
    "N" : 2,
    "Q" : [0.0596015, 0.940399],
    "state" : "[2, 1]"
    },
    {
    "index" : 3,
    "N" : 2,
    "Q" : [0.0596015, 0.940399],
    "state" : "[1, 1]"
    },
    {
    "index" : 4,
    "N" : 1,
    "Q" : [0, 1],
    "state" : "[0, 0]"
    }
  ],
  "edges" : [
    {
    "index" : 0,
    "from" : 0,
    "to" : 1,
    "E" : 2,
    "action" : 0
    },
    {
    "index" : 1,
    "from" : 0,
    "to" : 2,
    "E" : 2,
    "action" : 1
    },
    {
    "index" : 2,
    "from" : 0,
    "to" : 3,
    "E" : 2,
    "action" : 2
    },
    {
    "index" : 5,
    "from" : 1,
    "to" : 4,
    "E" : 1,
    "action" : 2
    },
    {
    "index" : 7,
    "from" : 2,
    "to" : 4,
    "E" : 1,
    "action" : 1
    },
    {
    "index" : 8,
    "from" : 3,
    "to" : 4,
    "E" : 1,
    "action" : 0
    }
  ]
  },
  {
  "nodes" : [
    {
    "index" : 0,
    "N" : 8,
    "Q" : [0.107201, 0.892799],
    "state" : "[4, 0]"
    },
    {
    "index" : 1,
    "N" : 3,
    "Q" : [0.0397343, 0.960266],
    "state" : "[3, 1]"
    },
    {
    "index" : 2,
    "N" : 2,
    "Q" : [0.0596015, 0.940399],
    "state" : "[2, 1]"
    },
    {
    "index" : 3,
    "N" : 2,
    "Q" : [0.0596015, 0.940399],
    "state" : "[1, 1]"
    },
    {
    "index" : 4,
    "N" : 2,
    "Q" : [0, 1],
    "state" : "[0, 0]"
    }
  ],
  "edges" : [
    {
    "index" : 0,
    "from" : 0,
    "to" : 1,
    "E" : 3,
    "action" : 0
    },
    {
    "index" : 1,
    "from" : 0,
    "to" : 2,
    "E" : 2,
    "action" : 1
    },
    {
    "index" : 2,
    "from" : 0,
    "to" : 3,
    "E" : 2,
    "action" : 2
    },
    {
    "index" : 5,
    "from" : 1,
    "to" : 4,
    "E" : 2,
    "action" : 2
    },
    {
    "index" : 7,
    "from" : 2,
    "to" : 4,
    "E" : 1,
    "action" : 1
    },
    {
    "index" : 8,
    "from" : 3,
    "to" : 4,
    "E" : 1,
    "action" : 0
    }
  ]
  },
  {
  "nodes" : [
    {
    "index" : 0,
    "N" : 9,
    "Q" : [0.0952899, 0.90471],
    "state" : "[4, 0]"
    },
    {
    "index" : 1,
    "N" : 3,
    "Q" : [0.0397343, 0.960266],
    "state" : "[3, 1]"
    },
    {
    "index" : 2,
    "N" : 3,
    "Q" : [0.0397343, 0.960266],
    "state" : "[2, 1]"
    },
    {
    "index" : 3,
    "N" : 2,
    "Q" : [0.0596015, 0.940399],
    "state" : "[1, 1]"
    },
    {
    "index" : 4,
    "N" : 2,
    "Q" : [0, 1],
    "state" : "[0, 0]"
    }
  ],
  "edges" : [
    {
    "index" : 0,
    "from" : 0,
    "to" : 1,
    "E" : 3,
    "action" : 0
    },
    {
    "index" : 1,
    "from" : 0,
    "to" : 2,
    "E" : 3,
    "action" : 1
    },
    {
    "index" : 2,
    "from" : 0,
    "to" : 3,
    "E" : 2,
    "action" : 2
    },
    {
    "index" : 5,
    "from" : 1,
    "to" : 4,
    "E" : 2,
    "action" : 2
    },
    {
    "index" : 7,
    "from" : 2,
    "to" : 4,
    "E" : 2,
    "action" : 1
    },
    {
    "index" : 8,
    "from" : 3,
    "to" : 4,
    "E" : 1,
    "action" : 0
    }
  ]
  },
  {
  "nodes" : [
    {
    "index" : 0,
    "N" : 10,
    "Q" : [0.0857609, 0.914239],
    "state" : "[4, 0]"
    },
    {
    "index" : 1,
    "N" : 3,
    "Q" : [0.0397343, 0.960266],
    "state" : "[3, 1]"
    },
    {
    "index" : 2,
    "N" : 3,
    "Q" : [0.0397343, 0.960266],
    "state" : "[2, 1]"
    },
    {
    "index" : 3,
    "N" : 3,
    "Q" : [0.0397343, 0.960266],
    "state" : "[1, 1]"
    },
    {
    "index" : 4,
    "N" : 2,
    "Q" : [0, 1],
    "state" : "[0, 0]"
    }
  ],
  "edges" : [
    {
    "index" : 0,
    "from" : 0,
    "to" : 1,
    "E" : 3,
    "action" : 0
    },
    {
    "index" : 1,
    "from" : 0,
    "to" : 2,
    "E" : 3,
    "action" : 1
    },
    {
    "index" : 2,
    "from" : 0,
    "to" : 3,
    "E" : 3,
    "action" : 2
    },
    {
    "index" : 5,
    "from" : 1,
    "to" : 4,
    "E" : 2,
    "action" : 2
    },
    {
    "index" : 7,
    "from" : 2,
    "to" : 4,
    "E" : 2,
    "action" : 1
    },
    {
    "index" : 8,
    "from" : 3,
    "to" : 4,
    "E" : 2,
    "action" : 0
    }
  ]
  },
  {
  "nodes" : [
    {
    "index" : 0,
    "N" : 11,
    "Q" : [0.0779644, 0.922036],
    "state" : "[4, 0]"
    },
    {
    "index" : 1,
    "N" : 4,
    "Q" : [0.0298007, 0.970199],
    "state" : "[3, 1]"
    },
    {
    "index" : 2,
    "N" : 3,
    "Q" : [0.0397343, 0.960266],
    "state" : "[2, 1]"
    },
    {
    "index" : 3,
    "N" : 3,
    "Q" : [0.0397343, 0.960266],
    "state" : "[1, 1]"
    },
    {
    "index" : 4,
    "N" : 3,
    "Q" : [0, 1],
    "state" : "[0, 0]"
    }
  ],
  "edges" : [
    {
    "index" : 0,
    "from" : 0,
    "to" : 1,
    "E" : 4,
    "action" : 0
    },
    {
    "index" : 1,
    "from" : 0,
    "to" : 2,
    "E" : 3,
    "action" : 1
    },
    {
    "index" : 2,
    "from" : 0,
    "to" : 3,
    "E" : 3,
    "action" : 2
    },
    {
    "index" : 5,
    "from" : 1,
    "to" : 4,
    "E" : 3,
    "action" : 2
    },
    {
    "index" : 7,
    "from" : 2,
    "to" : 4,
    "E" : 2,
    "action" : 1
    },
    {
    "index" : 8,
    "from" : 3,
    "to" : 4,
    "E" : 2,
    "action" : 0
    }
  ]
  }
]
}