{
"nodes" : [
  {
  "index" : 0,
  "N" : 11,
  "Q" : [0.644241, 0.355759],
  "state" : "[7, 1, 0]"
  },
  {
  "index" : 1,
  "N" : 5,
  "Q" : [0.817331, 0.182669],
  "state" : "[4, 1, 1]"
  },
  {
  "index" : 2,
  "N" : 3,
  "Q" : [0.753865, 0.246135],
  "state" : "[4, 0, 0]"
  },
  {
  "index" : 3,
  "N" : 2,
  "Q" : [0.880797, 0.119203],
  "state" : "[3, 0, 1]"
  },
  {
  "index" : 4,
  "N" : 1,
  "Q" : [0.119203, 0.880797],
  "state" : "[2, 1, 0]"
  },
  {
  "index" : 5,
  "N" : 1,
  "Q" : [0.880797, 0.119203],
  "state" : "[3, 0, 0]"
  },
  {
  "index" : 6,
  "N" : 3,
  "Q" : [0.880797, 0.119203],
  "state" : "[6, 1, 1]"
  },
  {
  "index" : 7,
  "N" : 1,
  "Q" : [0.880797, 0.119203],
  "state" : "[6, 0, 0]"
  },
  {
  "index" : 8,
  "N" : 1,
  "Q" : [0.880797, 0.119203],
  "state" : "[5, 0, 0]"
  },
  {
  "index" : 9,
  "N" : 2,
  "Q" : [0.119203, 0.880797],
  "state" : "[5, 1, 1]"
  }
],
"edges" : [
  {
  "index" : 0,
  "from" : 0,
  "to" : 6,
  "E" : 3,
  "action" : 0
  },
  {
  "index" : 1,
  "from" : 0,
  "to" : 9,
  "E" : 2,
  "action" : 1
  },
  {
  "index" : 2,
  "from" : 0,
  "to" : 1,
  "E" : 5,
  "action" : 2
  },
  {
  "index" : 3,
  "from" : 1,
  "to" : 2,
  "E" : 3,
  "action" : 0
  },
  {
  "index" : 4,
  "from" : 1,
  "to" : 5,
  "E" : 1,
  "action" : 1
  },
  {
  "index" : 5,
  "from" : 2,
  "to" : 3,
  "E" : 2,
  "action" : 0
  },
  {
  "index" : 9,
  "from" : 3,
  "to" : 4,
  "E" : 1,
  "action" : 1
  },
  {
  "index" : 15,
  "from" : 6,
  "to" : 7,
  "E" : 1,
  "action" : 0
  },
  {
  "index" : 16,
  "from" : 6,
  "to" : 8,
  "E" : 1,
  "action" : 1
  },
  {
  "index" : 23,
  "from" : 9,
  "to" : 8,
  "E" : 1,
  "action" : 0
  }
]
}