{
"nodes" : [
  {
  "index" : 0,
  "N" : 101,
  "Q" : [0.466583, 0.533417],
  "state" : "[4, 0, 0]"
  },
  {
  "index" : 1,
  "N" : 9,
  "Q" : [0.3125, 0.6875],
  "state" : "[3, 0, 1]"
  },
  {
  "index" : 2,
  "N" : 6,
  "Q" : [0.132353, 0.867647],
  "state" : "[2, 0, 1]"
  },
  {
  "index" : 3,
  "N" : 85,
  "Q" : [0.506098, 0.493902],
  "state" : "[1, 0, 1]"
  },
  {
  "index" : 4,
  "N" : 4,
  "Q" : [0.375, 0.625],
  "state" : "[3, 1, 0]"
  },
  {
  "index" : 5,
  "N" : 4,
  "Q" : [0.25, 0.75],
  "state" : "[2, 1, 0]"
  },
  {
  "index" : 6,
  "N" : 43,
  "Q" : [1, 0],
  "state" : "[0, 1, 0]"
  },
  {
  "index" : 7,
  "N" : 1,
  "Q" : [0.5, 0.5],
  "state" : "[2, 1, 1]"
  },
  {
  "index" : 8,
  "N" : 1,
  "Q" : [0.5, 0.5],
  "state" : "[1, 1, 1]"
  },
  {
  "index" : 9,
  "N" : 41,
  "Q" : [0.0121951, 0.987805],
  "state" : "[1, 1, 0]"
  },
  {
  "index" : 10,
  "N" : 40,
  "Q" : [0, 1],
  "state" : "[0, 1, 1]"
  }
],
"edges" : [
  {
  "index" : 0,
  "from" : 0,
  "to" : 1,
  "E" : 9,
  "action" : 0
  },
  {
  "index" : 1,
  "from" : 0,
  "to" : 2,
  "E" : 6,
  "action" : 1
  },
  {
  "index" : 2,
  "from" : 0,
  "to" : 3,
  "E" : 85,
  "action" : 2
  },
  {
  "index" : 3,
  "from" : 1,
  "to" : 4,
  "E" : 4,
  "action" : 0
  },
  {
  "index" : 4,
  "from" : 1,
  "to" : 5,
  "E" : 4,
  "action" : 1
  },
  {
  "index" : 5,
  "from" : 2,
  "to" : 5,
  "E" : 4,
  "action" : 0
  },
  {
  "index" : 6,
  "from" : 2,
  "to" : 9,
  "E" : 1,
  "action" : 1
  },
  {
  "index" : 7,
  "from" : 3,
  "to" : 9,
  "E" : 41,
  "action" : 0
  },
  {
  "index" : 8,
  "from" : 3,
  "to" : 6,
  "E" : 43,
  "action" : 1
  },
  {
  "index" : 9,
  "from" : 4,
  "to" : 7,
  "E" : 1,
  "action" : 0
  },
  {
  "index" : 10,
  "from" : 4,
  "to" : 8,
  "E" : 1,
  "action" : 1
  },
  {
  "index" : 11,
  "from" : 4,
  "to" : 10,
  "E" : 1,
  "action" : 2
  },
  {
  "index" : 12,
  "from" : 5,
  "to" : 8,
  "E" : 1,
  "action" : 0
  },
  {
  "index" : 13,
  "from" : 5,
  "to" : 10,
  "E" : 2,
  "action" : 1
  },
  {
  "index" : 18,
  "from" : 9,
  "to" : 10,
  "E" : 40,
  "action" : 0
  }
]
}