{
"nodes" : [
  {
  "index" : 0,
  "N" : 21,
  "Q" : [0.5, 0.5],
  "state" : "p0@21",
  "provably_winning" : "00",
  "provably_losing" : "00"
  },
  {
  "index" : 1,
  "N" : 7,
  "Q" : [0.5, 0.5],
  "state" : "p0*@20",
  "provably_winning" : "00",
  "provably_losing" : "00"
  },
  {
  "index" : 2,
  "N" : 7,
  "Q" : [0.5, 0.5],
  "state" : "p0*@19",
  "provably_winning" : "00",
  "provably_losing" : "00"
  },
  {
  "index" : 3,
  "N" : 6,
  "Q" : [0.5, 0.5],
  "state" : "p0*@18",
  "provably_winning" : "00",
  "provably_losing" : "00"
  },
  {
  "index" : 4,
  "N" : 5,
  "Q" : [0.5, 0.5],
  "state" : "p1@18",
  "provably_winning" : "00",
  "provably_losing" : "00"
  },
  {
  "index" : 5,
  "N" : 1,
  "Q" : [0.5, 0.5],
  "state" : "p1@19",
  "provably_winning" : "00",
  "provably_losing" : "00"
  },
  {
  "index" : 6,
  "N" : 3,
  "Q" : [0.5, 0.5],
  "state" : "p1@17",
  "provably_winning" : "00",
  "provably_losing" : "00"
  },
  {
  "index" : 7,
  "N" : 2,
  "Q" : [0.5, 0.5],
  "state" : "p1*@17",
  "provably_winning" : "00",
  "provably_losing" : "00"
  },
  {
  "index" : 8,
  "N" : 1,
  "Q" : [0.5, 0.5],
  "state" : "p1*@16",
  "provably_winning" : "00",
  "provably_losing" : "00"
  },
  {
  "index" : 9,
  "N" : 3,
  "Q" : [0.5, 0.5],
  "state" : "p1@16",
  "provably_winning" : "00",
  "provably_losing" : "00"
  },
  {
  "index" : 10,
  "N" : 1,
  "Q" : [0.5, 0.5],
  "state" : "p1*@15",
  "provably_winning" : "00",
  "provably_losing" : "00"
  },
  {
  "index" : 11,
  "N" : 1,
  "Q" : [0.5, 0.5],
  "state" : "p1*@14",
  "provably_winning" : "00",
  "provably_losing" : "00"
  },
  {
  "index" : 12,
  "N" : 1,
  "Q" : [0.5, 0.5],
  "state" : "p0@17",
  "provably_winning" : "00",
  "provably_losing" : "00"
  }
],
"edges" : [
  {
  "index" : 0,
  "from" : 0,
  "to" : 1,
  "E" : 7,
  "action" : 0
  },
  {
  "index" : 1,
  "from" : 0,
  "to" : 2,
  "E" : 7,
  "action" : 1
  },
  {
  "index" : 2,
  "from" : 0,
  "to" : 3,
  "E" : 6,
  "action" : 2
  },
  {
  "index" : 4,
  "from" : 1,
  "to" : 5,
  "E" : 1,
  "action" : 1
  },
  {
  "index" : 5,
  "from" : 1,
  "to" : 4,
  "E" : 5,
  "action" : 2
  },
  {
  "index" : 6,
  "from" : 2,
  "to" : 5,
  "E" : 1,
  "action" : 0
  },
  {
  "index" : 7,
  "from" : 2,
  "to" : 4,
  "E" : 2,
  "action" : 1
  },
  {
  "index" : 8,
  "from" : 2,
  "to" : 6,
  "E" : 3,
  "action" : 2
  },
  {
  "index" : 9,
  "from" : 3,
  "to" : 4,
  "E" : 1,
  "action" : 0
  },
  {
  "index" : 10,
  "from" : 3,
  "to" : 6,
  "E" : 1,
  "action" : 1
  },
  {
  "index" : 11,
  "from" : 3,
  "to" : 9,
  "E" : 3,
  "action" : 2
  },
  {
  "index" : 12,
  "from" : 4,
  "to" : 7,
  "E" : 2,
  "action" : 0
  },
  {
  "index" : 13,
  "from" : 4,
  "to" : 8,
  "E" : 1,
  "action" : 1
  },
  {
  "index" : 14,
  "from" : 4,
  "to" : 10,
  "E" : 1,
  "action" : 2
  },
  {
  "index" : 18,
  "from" : 6,
  "to" : 8,
  "E" : 1,
  "action" : 0
  },
  {
  "index" : 19,
  "from" : 6,
  "to" : 10,
  "E" : 1,
  "action" : 1
  },
  {
  "index" : 21,
  "from" : 7,
  "to" : 12,
  "E" : 1,
  "action" : 0
  },
  {
  "index" : 27,
  "from" : 9,
  "to" : 10,
  "E" : 1,
  "action" : 0
  },
  {
  "index" : 28,
  "from" : 9,
  "to" : 11,
  "E" : 1,
  "action" : 1
  }
]
}