{
"nodes" : [
  {
  "index" : 0,
  "N" : 101,
  "Q" : [0.80633, 0.19367],
  "state" : "p1@6",
  "provably_winning" : "00",
  "provably_losing" : "00"
  },
  {
  "index" : 1,
  "N" : 78,
  "Q" : [0.801135, 0.198865],
  "state" : "p1*@5",
  "provably_winning" : "00",
  "provably_losing" : "00"
  },
  {
  "index" : 2,
  "N" : 16,
  "Q" : [0.885051, 0.114949],
  "state" : "p1*@4",
  "provably_winning" : "00",
  "provably_losing" : "00"
  },
  {
  "index" : 3,
  "N" : 6,
  "Q" : [0.715, 0.285],
  "state" : "p1*@3",
  "provably_winning" : "10",
  "provably_losing" : "01"
  },
  {
  "index" : 4,
  "N" : 45,
  "Q" : [0.974444, 0.0255556],
  "state" : "p0@3",
  "provably_winning" : "10",
  "provably_losing" : "01"
  },
  {
  "index" : 5,
  "N" : 23,
  "Q" : [0.713044, 0.286957],
  "state" : "p0@4",
  "provably_winning" : "00",
  "provably_losing" : "00"
  },
  {
  "index" : 6,
  "N" : 8,
  "Q" : [0.91875, 0.08125],
  "state" : "p0@2",
  "provably_winning" : "10",
  "provably_losing" : "01"
  },
  {
  "index" : 7,
  "N" : 4,
  "Q" : [0.5, 0.5],
  "state" : "p0*@2",
  "provably_winning" : "00",
  "provably_losing" : "00"
  },
  {
  "index" : 8,
  "N" : 14,
  "Q" : [0.85, 0.15],
  "state" : "p0*@1",
  "provably_winning" : "00",
  "provably_losing" : "00"
  },
  {
  "index" : 9,
  "N" : 2,
  "Q" : [0.75, 0.25],
  "state" : "p0@1",
  "provably_winning" : "10",
  "provably_losing" : "01"
  },
  {
  "index" : 10,
  "N" : 42,
  "Q" : [1, 0],
  "state" : "p0*@0",
  "provably_winning" : "10",
  "provably_losing" : "01"
  },
  {
  "index" : 11,
  "N" : 9,
  "Q" : [0.5, 0.5],
  "state" : "p0@5",
  "provably_winning" : "00",
  "provably_losing" : "00"
  },
  {
  "index" : 12,
  "N" : 4,
  "Q" : [0.5, 0.5],
  "state" : "p0*@3",
  "provably_winning" : "00",
  "provably_losing" : "00"
  },
  {
  "index" : 13,
  "N" : 3,
  "Q" : [0.5, 0.5],
  "state" : "p0*@4",
  "provably_winning" : "00",
  "provably_losing" : "00"
  },
  {
  "index" : 14,
  "N" : 1,
  "Q" : [0.5, 0.5],
  "state" : "p1@3",
  "provably_winning" : "00",
  "provably_losing" : "00"
  },
  {
  "index" : 15,
  "N" : 11,
  "Q" : [1, 0],
  "state" : "p1@0",
  "provably_winning" : "10",
  "provably_losing" : "01"
  },
  {
  "index" : 16,
  "N" : 2,
  "Q" : [0.25, 0.75],
  "state" : "p1@1",
  "provably_winning" : "01",
  "provably_losing" : "10"
  },
  {
  "index" : 17,
  "N" : 2,
  "Q" : [0.5, 0.5],
  "state" : "p1@2",
  "provably_winning" : "00",
  "provably_losing" : "00"
  },
  {
  "index" : 18,
  "N" : 1,
  "Q" : [0, 1],
  "state" : "p1*@0",
  "provably_winning" : "01",
  "provably_losing" : "10"
  },
  {
  "index" : 19,
  "N" : 1,
  "Q" : [0.5, 0.5],
  "state" : "p1*@1",
  "provably_winning" : "00",
  "provably_losing" : "00"
  }
],
"edges" : [
  {
  "index" : 0,
  "from" : 0,
  "to" : 1,
  "E" : 78,
  "action" : 0
  },
  {
  "index" : 1,
  "from" : 0,
  "to" : 2,
  "E" : 16,
  "action" : 1
  },
  {
  "index" : 2,
  "from" : 0,
  "to" : 3,
  "E" : 6,
  "action" : 2
  },
  {
  "index" : 3,
  "from" : 1,
  "to" : 11,
  "E" : 9,
  "action" : 0
  },
  {
  "index" : 4,
  "from" : 1,
  "to" : 5,
  "E" : 23,
  "action" : 1
  },
  {
  "index" : 5,
  "from" : 1,
  "to" : 4,
  "E" : 45,
  "action" : 2
  },
  {
  "index" : 6,
  "from" : 2,
  "to" : 5,
  "E" : 2,
  "action" : 0
  },
  {
  "index" : 7,
  "from" : 2,
  "to" : 4,
  "E" : 5,
  "action" : 1
  },
  {
  "index" : 8,
  "from" : 2,
  "to" : 6,
  "E" : 8,
  "action" : 2
  },
  {
  "index" : 9,
  "from" : 3,
  "to" : 4,
  "E" : 1,
  "action" : 0
  },
  {
  "index" : 10,
  "from" : 3,
  "to" : 6,
  "E" : 2,
  "action" : 1
  },
  {
  "index" : 11,
  "from" : 3,
  "to" : 9,
  "E" : 2,
  "action" : 2
  },
  {
  "index" : 12,
  "from" : 4,
  "to" : 7,
  "E" : 1,
  "action" : 0
  },
  {
  "index" : 13,
  "from" : 4,
  "to" : 8,
  "E" : 1,
  "action" : 1
  },
  {
  "index" : 14,
  "from" : 4,
  "to" : 10,
  "E" : 42,
  "action" : 2
  },
  {
  "index" : 15,
  "from" : 5,
  "to" : 12,
  "E" : 4,
  "action" : 0
  },
  {
  "index" : 16,
  "from" : 5,
  "to" : 7,
  "E" : 4,
  "action" : 1
  },
  {
  "index" : 17,
  "from" : 5,
  "to" : 8,
  "E" : 14,
  "action" : 2
  },
  {
  "index" : 18,
  "from" : 6,
  "to" : 8,
  "E" : 1,
  "action" : 0
  },
  {
  "index" : 19,
  "from" : 6,
  "to" : 10,
  "E" : 6,
  "action" : 1
  },
  {
  "index" : 20,
  "from" : 7,
  "to" : 17,
  "E" : 1,
  "action" : 0
  },
  {
  "index" : 22,
  "from" : 7,
  "to" : 15,
  "E" : 2,
  "action" : 2
  },
  {
  "index" : 23,
  "from" : 8,
  "to" : 16,
  "E" : 2,
  "action" : 0
  },
  {
  "index" : 24,
  "from" : 8,
  "to" : 15,
  "E" : 11,
  "action" : 1
  },
  {
  "index" : 25,
  "from" : 9,
  "to" : 10,
  "E" : 1,
  "action" : 0
  },
  {
  "index" : 26,
  "from" : 11,
  "to" : 13,
  "E" : 3,
  "action" : 0
  },
  {
  "index" : 27,
  "from" : 11,
  "to" : 12,
  "E" : 3,
  "action" : 1
  },
  {
  "index" : 28,
  "from" : 11,
  "to" : 7,
  "E" : 2,
  "action" : 2
  },
  {
  "index" : 29,
  "from" : 12,
  "to" : 14,
  "E" : 1,
  "action" : 0
  },
  {
  "index" : 31,
  "from" : 12,
  "to" : 16,
  "E" : 2,
  "action" : 2
  },
  {
  "index" : 34,
  "from" : 13,
  "to" : 17,
  "E" : 2,
  "action" : 2
  },
  {
  "index" : 38,
  "from" : 16,
  "to" : 18,
  "E" : 1,
  "action" : 0
  },
  {
  "index" : 39,
  "from" : 17,
  "to" : 19,
  "E" : 1,
  "action" : 0
  }
]
}