{
"nodes" : [
  {
  "index" : 0,
  "N" : 41,
  "Q" : [0.487805, 0.512195],
  "state" : "X__\nOOX\nX__",
  "provably_winning" : "00",
  "provably_losing" : "00",
  "active_seat" : 1
  },
  {
  "index" : 1,
  "N" : 14,
  "Q" : [0.464286, 0.535714],
  "state" : "XO_\nOOX\nX__",
  "provably_winning" : "00",
  "provably_losing" : "00",
  "active_seat" : 0
  },
  {
  "index" : 2,
  "N" : 6,
  "Q" : [0.541667, 0.458333],
  "state" : "X_O\nOOX\nX__",
  "provably_winning" : "00",
  "provably_losing" : "00",
  "active_seat" : 0
  },
  {
  "index" : 3,
  "N" : 2,
  "Q" : [0.25, 0.75],
  "state" : "XOX\nOOX\nX__",
  "provably_winning" : "01",
  "provably_losing" : "10",
  "active_seat" : 1
  },
  {
  "index" : 4,
  "N" : 2,
  "Q" : [0.5, 0.5],
  "state" : "XXO\nOOX\nX__",
  "provably_winning" : "00",
  "provably_losing" : "00",
  "active_seat" : 1
  },
  {
  "index" : 5,
  "N" : 9,
  "Q" : [0.555556, 0.444444],
  "state" : "XOX\nOOX\n_X_",
  "provably_winning" : "00",
  "provably_losing" : "00",
  "active_seat" : 1
  },
  {
  "index" : 6,
  "N" : 2,
  "Q" : [0.625, 0.375],
  "state" : "XOX\n_OX\nOX_",
  "provably_winning" : "00",
  "provably_losing" : "00",
  "active_seat" : 1
  },
  {
  "index" : 7,
  "N" : 2,
  "Q" : [0.25, 0.75],
  "state" : "XOX\n_OO\nXX_",
  "provably_winning" : "01",
  "provably_losing" : "10",
  "active_seat" : 1
  },
  {
  "index" : 8,
  "N" : 1,
  "Q" : [0.5, 0.5],
  "state" : "X_O\nOOX\nX_X",
  "provably_winning" : "00",
  "provably_losing" : "00",
  "active_seat" : 1
  },
  {
  "index" : 9,
  "N" : 1,
  "Q" : [0, 1],
  "state" : "XOX\nOOX\nXO_",
  "provably_winning" : "01",
  "provably_losing" : "10",
  "active_seat" : -1
  },
  {
  "index" : 10,
  "N" : 2,
  "Q" : [0.75, 0.25],
  "state" : "XOX\nOOX\nOX_",
  "provably_winning" : "10",
  "provably_losing" : "01",
  "active_seat" : 0
  },
  {
  "index" : 11,
  "N" : 6,
  "Q" : [0.5, 0.5],
  "state" : "XXO\nOOX\nXO_",
  "provably_winning" : "00",
  "provably_losing" : "00",
  "active_seat" : 0
  },
  {
  "index" : 12,
  "N" : 1,
  "Q" : [1, 0],
  "state" : "XOO\nOOX\nXXX",
  "provably_winning" : "10",
  "provably_losing" : "01",
  "active_seat" : -1
  },
  {
  "index" : 13,
  "N" : 5,
  "Q" : [0.5, 0.5],
  "state" : "XOX\nXOO\nOXX",
  "provably_winning" : "00",
  "provably_losing" : "00",
  "active_seat" : -1
  }
],
"edges" : [
  {
  "index" : 0,
  "from" : 0,
  "to" : 1,
  "E" : 14,
  "action" : 1
  },
  {
  "index" : 1,
  "from" : 0,
  "to" : 2,
  "E" : 6,
  "action" : 2
  },
  {
  "index" : 2,
  "from" : 0,
  "to" : 1,
  "E" : 14,
  "action" : 7
  },
  {
  "index" : 3,
  "from" : 0,
  "to" : 2,
  "E" : 6,
  "action" : 8
  },
  {
  "index" : 4,
  "from" : 1,
  "to" : 3,
  "E" : 2,
  "action" : 2
  },
  {
  "index" : 5,
  "from" : 1,
  "to" : 5,
  "E" : 9,
  "action" : 7
  },
  {
  "index" : 6,
  "from" : 1,
  "to" : 7,
  "E" : 2,
  "action" : 8
  },
  {
  "index" : 7,
  "from" : 2,
  "to" : 4,
  "E" : 2,
  "action" : 1
  },
  {
  "index" : 8,
  "from" : 2,
  "to" : 6,
  "E" : 2,
  "action" : 7
  },
  {
  "index" : 9,
  "from" : 2,
  "to" : 8,
  "E" : 1,
  "action" : 8
  },
  {
  "index" : 10,
  "from" : 3,
  "to" : 9,
  "E" : 1,
  "action" : 7
  },
  {
  "index" : 12,
  "from" : 4,
  "to" : 11,
  "E" : 1,
  "action" : 7
  },
  {
  "index" : 14,
  "from" : 5,
  "to" : 10,
  "E" : 2,
  "action" : 6
  },
  {
  "index" : 15,
  "from" : 5,
  "to" : 11,
  "E" : 6,
  "action" : 8
  },
  {
  "index" : 16,
  "from" : 6,
  "to" : 10,
  "E" : 1,
  "action" : 3
  },
  {
  "index" : 18,
  "from" : 7,
  "to" : 9,
  "E" : 1,
  "action" : 3
  },
  {
  "index" : 22,
  "from" : 10,
  "to" : 12,
  "E" : 1,
  "action" : 8
  },
  {
  "index" : 23,
  "from" : 11,
  "to" : 13,
  "E" : 5,
  "action" : 8
  }
]
}