[0, 0, 0, 0.416178, 0, 0.416178, 0.0838218, 0, 0.0838218]