{
"nodes" : [
  {
  "index" : 0,
  "N" : 21,
  "Q" : [0.452381, 0.547619],
  "state" : "X__\nOOX\nX__"
  },
  {
  "index" : 1,
  "N" : 6,
  "Q" : [0.416667, 0.583333],
  "state" : "XO_\nOOX\nX__"
  },
  {
  "index" : 2,
  "N" : 4,
  "Q" : [0.5, 0.5],
  "state" : "X_O\nOOX\nX__"
  },
  {
  "index" : 3,
  "N" : 2,
  "Q" : [0.25, 0.75],
  "state" : "XOX\nOOX\nX__"
  },
  {
  "index" : 4,
  "N" : 1,
  "Q" : [0.5, 0.5],
  "state" : "XXO\nOOX\nX__"
  },
  {
  "index" : 5,
  "N" : 2,
  "Q" : [0.5, 0.5],
  "state" : "XOX\nOOX\n_X_"
  },
  {
  "index" : 6,
  "N" : 1,
  "Q" : [0.5, 0.5],
  "state" : "XOX\n_OX\nOX_"
  },
  {
  "index" : 7,
  "N" : 1,
  "Q" : [0.5, 0.5],
  "state" : "XOX\n_OO\nXX_"
  },
  {
  "index" : 8,
  "N" : 1,
  "Q" : [0.5, 0.5],
  "state" : "X_O\nOOX\nX_X"
  },
  {
  "index" : 9,
  "N" : 1,
  "Q" : [0, 1],
  "state" : "XOX\nOOX\nXO_"
  },
  {
  "index" : 10,
  "N" : 1,
  "Q" : [0.5, 0.5],
  "state" : "XOX\nOOX\nOX_"
  }
],
"edges" : [
  {
  "index" : 0,
  "from" : 0,
  "to" : 1,
  "E" : 6,
  "action" : 1
  },
  {
  "index" : 1,
  "from" : 0,
  "to" : 2,
  "E" : 4,
  "action" : 2
  },
  {
  "index" : 2,
  "from" : 0,
  "to" : 1,
  "E" : 6,
  "action" : 7
  },
  {
  "index" : 3,
  "from" : 0,
  "to" : 2,
  "E" : 4,
  "action" : 8
  },
  {
  "index" : 4,
  "from" : 1,
  "to" : 3,
  "E" : 2,
  "action" : 2
  },
  {
  "index" : 5,
  "from" : 1,
  "to" : 5,
  "E" : 2,
  "action" : 7
  },
  {
  "index" : 6,
  "from" : 1,
  "to" : 7,
  "E" : 1,
  "action" : 8
  },
  {
  "index" : 7,
  "from" : 2,
  "to" : 4,
  "E" : 1,
  "action" : 1
  },
  {
  "index" : 8,
  "from" : 2,
  "to" : 6,
  "E" : 1,
  "action" : 7
  },
  {
  "index" : 9,
  "from" : 2,
  "to" : 8,
  "E" : 1,
  "action" : 8
  },
  {
  "index" : 10,
  "from" : 3,
  "to" : 9,
  "E" : 1,
  "action" : 7
  },
  {
  "index" : 14,
  "from" : 5,
  "to" : 10,
  "E" : 1,
  "action" : 6
  }
]
}