[0.121202, 0.121202, 0.121202, 0.121202, 0.0303857, 0.121202, 0.121202, 0.121202, 0.121202]