{
"nodes" : [
  {
  "index" : 0,
  "N" : 21,
  "Q" : [0.5, 0.5],
  "state" : "___\n___\n___",
  "provably_winning" : "00",
  "provably_losing" : "00"
  },
  {
  "index" : 1,
  "N" : 3,
  "Q" : [0.5, 0.5],
  "state" : "X__\n___\n___",
  "provably_winning" : "00",
  "provably_losing" : "00"
  },
  {
  "index" : 2,
  "N" : 3,
  "Q" : [0.5, 0.5],
  "state" : "_X_\n___\n___",
  "provably_winning" : "00",
  "provably_losing" : "00"
  },
  {
  "index" : 3,
  "N" : 2,
  "Q" : [0.5, 0.5],
  "state" : "___\n_X_\n___",
  "provably_winning" : "00",
  "provably_losing" : "00"
  },
  {
  "index" : 4,
  "N" : 1,
  "Q" : [0.5, 0.5],
  "state" : "XO_\n___\n___",
  "provably_winning" : "00",
  "provably_losing" : "00"
  },
  {
  "index" : 5,
  "N" : 1,
  "Q" : [0.5, 0.5],
  "state" : "OX_\n___\n___",
  "provably_winning" : "00",
  "provably_losing" : "00"
  },
  {
  "index" : 6,
  "N" : 1,
  "Q" : [0.5, 0.5],
  "state" : "O__\n_X_\n___",
  "provably_winning" : "00",
  "provably_losing" : "00"
  },
  {
  "index" : 7,
  "N" : 1,
  "Q" : [0.5, 0.5],
  "state" : "X_O\n___\n___",
  "provably_winning" : "00",
  "provably_losing" : "00"
  }
],
"edges" : [
  {
  "index" : 0,
  "from" : 0,
  "to" : 1,
  "E" : 3,
  "action" : 0
  },
  {
  "index" : 1,
  "from" : 0,
  "to" : 2,
  "E" : 3,
  "action" : 1
  },
  {
  "index" : 2,
  "from" : 0,
  "to" : 1,
  "E" : 2,
  "action" : 2
  },
  {
  "index" : 3,
  "from" : 0,
  "to" : 2,
  "E" : 2,
  "action" : 3
  },
  {
  "index" : 4,
  "from" : 0,
  "to" : 3,
  "E" : 2,
  "action" : 4
  },
  {
  "index" : 5,
  "from" : 0,
  "to" : 2,
  "E" : 2,
  "action" : 5
  },
  {
  "index" : 6,
  "from" : 0,
  "to" : 1,
  "E" : 2,
  "action" : 6
  },
  {
  "index" : 7,
  "from" : 0,
  "to" : 2,
  "E" : 2,
  "action" : 7
  },
  {
  "index" : 8,
  "from" : 0,
  "to" : 1,
  "E" : 2,
  "action" : 8
  },
  {
  "index" : 9,
  "from" : 1,
  "to" : 4,
  "E" : 1,
  "action" : 1
  },
  {
  "index" : 10,
  "from" : 1,
  "to" : 7,
  "E" : 1,
  "action" : 2
  },
  {
  "index" : 17,
  "from" : 2,
  "to" : 5,
  "E" : 1,
  "action" : 0
  },
  {
  "index" : 18,
  "from" : 2,
  "to" : 5,
  "E" : 1,
  "action" : 2
  },
  {
  "index" : 25,
  "from" : 3,
  "to" : 6,
  "E" : 1,
  "action" : 0
  }
]
}